// Jest Snapshot v1, https://goo.gl/fbAQLP

exports[`Index Page should index page match snapshot 1`] = `
<div
  class="index-anime"
>
  <div
    class="display-2 mb-4"
  >
    Cari Anime
  </div>
  <v-layout-stub
    tag="div"
    wrap="wrap"
  >
    <v-flex-stub
      class="xs4"
      tag="div"
    >
      <v-select-stub
        appendicon="$dropdown"
        backgroundcolor=""
        clearicon="$clear"
        errorcount="1"
        errormessages=""
        itemcolor="primary"
        itemdisabled="disabled"
        items="Action,Adventure,Comedy,Drama,Ecchi,Fantasy,Hentai,Horror,Mahou Shoujo,Mecha,Music,Mystery,Psychological,Romance,Sci-Fi,Slice of Life,Sports,Supernatural,Thriller"
        itemtext="text"
        itemvalue="value"
        label="Pilih genre"
        loaderheight="2"
        menuprops="[object Object]"
        messages=""
        multiple="true"
        nodatatext="$vuetify.noDataText"
        outlined="true"
        rules=""
        successmessages=""
        type="text"
        value=""
        valuecomparator="[Function]"
      />
    </v-flex-stub>
    <v-flex-stub
      class="xs4 ml-2"
      tag="div"
    >
      <v-select-stub
        appendicon="$dropdown"
        backgroundcolor=""
        clearicon="$clear"
        errorcount="1"
        errormessages=""
        itemcolor="primary"
        itemdisabled="disabled"
        items="[object Object]"
        itemtext="text"
        itemvalue="value"
        label="Urut berdasarkan"
        loaderheight="2"
        menuprops="[object Object]"
        messages=""
        nodatatext="$vuetify.noDataText"
        outlined="true"
        rules=""
        successmessages=""
        type="text"
        value="TRENDING_DESC"
        valuecomparator="[Function]"
      />
    </v-flex-stub>
    <v-flex-stub
      class="ml-2"
      tag="div"
    >
      <v-btn-stub
        activeclass=""
        color="teal accent-4"
        tag="button"
        type="button"
        xlarge="true"
      >
        Cari
      </v-btn-stub>
    </v-flex-stub>
  </v-layout-stub>
  <v-layout-stub
    class="scroll_container"
    tag="div"
    wrap="wrap"
  >
    <v-card-stub
      class="mb-4 mr-4"
      loaderheight="4"
      tag="div"
      width="350"
    >
      <v-img-stub
        height="400"
        options="[object Object]"
        position="center center"
        src="https://s4.anilist.co/file/anilistcdn/media/anime/cover/medium/bx127230-FlochcFsyoF4.png"
        transition="fade-transition"
      />
      <v-card-text-stub
        tag="div"
      >
        <div
          class="subtitle-1 font-weight-bold mb-1"
        >
          Chainsaw Man
        </div>
        <v-layout-stub
          align-center="align-center"
          tag="div"
          wrap="wrap"
        >
          <v-flex-stub
            class="xs1 mr-1"
            tag="div"
          >
            <v-icon-stub
              color="green"
            >
              mdi-emoticon-excited-outline
            </v-icon-stub>
          </v-flex-stub>
          <v-flex-stub
            class="xs10"
            tag="div"
          >
            <span
              class="subtitle-1"
            >
              86%
            </span>
          </v-flex-stub>
        </v-layout-stub>
      </v-card-text-stub>
      <v-card-actions-stub
        tag="div"
      >
        <v-btn-stub
          activeclass=""
          color="teal accent-4"
          tag="button"
          text="true"
          type="button"
        >
          Detail
        </v-btn-stub>
      </v-card-actions-stub>
    </v-card-stub>
    <v-card-stub
      class="mb-4 mr-4"
      loaderheight="4"
      tag="div"
      width="350"
    >
      <v-img-stub
        height="400"
        options="[object Object]"
        position="center center"
        src="https://s4.anilist.co/file/anilistcdn/media/anime/cover/medium/bx116674-p3zK4PUX2Aag.jpg"
        transition="fade-transition"
      />
      <v-card-text-stub
        tag="div"
      >
        <div
          class="subtitle-1 font-weight-bold mb-1"
        >
          BLEACH: Thousand-Year Blood War
        </div>
        <v-layout-stub
          align-center="align-center"
          tag="div"
          wrap="wrap"
        >
          <v-flex-stub
            class="xs1 mr-1"
            tag="div"
          >
            <v-icon-stub
              color="green"
            >
              mdi-emoticon-excited-outline
            </v-icon-stub>
          </v-flex-stub>
          <v-flex-stub
            class="xs10"
            tag="div"
          >
            <span
              class="subtitle-1"
            >
              89%
            </span>
          </v-flex-stub>
        </v-layout-stub>
      </v-card-text-stub>
      <v-card-actions-stub
        tag="div"
      >
        <v-btn-stub
          activeclass=""
          color="teal accent-4"
          tag="button"
          text="true"
          type="button"
        >
          Detail
        </v-btn-stub>
      </v-card-actions-stub>
    </v-card-stub>
    <v-card-stub
      class="mb-4 mr-4"
      loaderheight="4"
      tag="div"
      width="350"
    >
      <v-img-stub
        height="400"
        options="[object Object]"
        position="center center"
        src="https://s4.anilist.co/file/anilistcdn/media/anime/cover/medium/nx21-tXMN3Y20PIL9.jpg"
        transition="fade-transition"
      />
      <v-card-text-stub
        tag="div"
      >
        <div
          class="subtitle-1 font-weight-bold mb-1"
        >
          ONE PIECE
        </div>
        <v-layout-stub
          align-center="align-center"
          tag="div"
          wrap="wrap"
        >
          <v-flex-stub
            class="xs1 mr-1"
            tag="div"
          >
            <v-icon-stub
              color="green"
            >
              mdi-emoticon-excited-outline
            </v-icon-stub>
          </v-flex-stub>
          <v-flex-stub
            class="xs10"
            tag="div"
          >
            <span
              class="subtitle-1"
            >
              87%
            </span>
          </v-flex-stub>
        </v-layout-stub>
      </v-card-text-stub>
      <v-card-actions-stub
        tag="div"
      >
        <v-btn-stub
          activeclass=""
          color="teal accent-4"
          tag="button"
          text="true"
          type="button"
        >
          Detail
        </v-btn-stub>
      </v-card-actions-stub>
    </v-card-stub>
    <v-card-stub
      class="mb-4 mr-4"
      loaderheight="4"
      tag="div"
      width="350"
    >
      <v-img-stub
        height="400"
        options="[object Object]"
        position="center center"
        src="https://s4.anilist.co/file/anilistcdn/media/anime/cover/medium/bx142838-ECZSqfknAqAT.jpg"
        transition="fade-transition"
      />
      <v-card-text-stub
        tag="div"
      >
        <div
          class="subtitle-1 font-weight-bold mb-1"
        >
          SPY x FAMILY Cour 2
        </div>
        <v-layout-stub
          align-center="align-center"
          tag="div"
          wrap="wrap"
        >
          <v-flex-stub
            class="xs1 mr-1"
            tag="div"
          >
            <v-icon-stub
              color="green"
            >
              mdi-emoticon-excited-outline
            </v-icon-stub>
          </v-flex-stub>
          <v-flex-stub
            class="xs10"
            tag="div"
          >
            <span
              class="subtitle-1"
            >
              84%
            </span>
          </v-flex-stub>
        </v-layout-stub>
      </v-card-text-stub>
      <v-card-actions-stub
        tag="div"
      >
        <v-btn-stub
          activeclass=""
          color="teal accent-4"
          tag="button"
          text="true"
          type="button"
        >
          Detail
        </v-btn-stub>
      </v-card-actions-stub>
    </v-card-stub>
    <v-card-stub
      class="mb-4 mr-4"
      loaderheight="4"
      tag="div"
      width="350"
    >
      <v-img-stub
        height="400"
        options="[object Object]"
        position="center center"
        src="https://s4.anilist.co/file/anilistcdn/media/anime/cover/medium/bx145604-FQ8gN4CPaiui.jpg"
        transition="fade-transition"
      />
      <v-card-text-stub
        tag="div"
      >
        <div
          class="subtitle-1 font-weight-bold mb-1"
        >
          Shinobi no Ittoki
        </div>
        <v-layout-stub
          align-center="align-center"
          tag="div"
          wrap="wrap"
        >
          <v-flex-stub
            class="xs1 mr-1"
            tag="div"
          >
            <v-icon-stub
              color="lime"
            >
              mdi-emoticon-neutral-outline
            </v-icon-stub>
          </v-flex-stub>
          <v-flex-stub
            class="xs10"
            tag="div"
          >
            <span
              class="subtitle-1"
            >
              59%
            </span>
          </v-flex-stub>
        </v-layout-stub>
      </v-card-text-stub>
      <v-card-actions-stub
        tag="div"
      >
        <v-btn-stub
          activeclass=""
          color="teal accent-4"
          tag="button"
          text="true"
          type="button"
        >
          Detail
        </v-btn-stub>
      </v-card-actions-stub>
    </v-card-stub>
    <v-card-stub
      class="mb-4 mr-4"
      loaderheight="4"
      tag="div"
      width="350"
    >
      <v-img-stub
        height="400"
        options="[object Object]"
        position="center center"
        src="https://s4.anilist.co/file/anilistcdn/media/anime/cover/medium/bx137822-4dVWMSHLpGf8.png"
        transition="fade-transition"
      />
      <v-card-text-stub
        tag="div"
      >
        <div
          class="subtitle-1 font-weight-bold mb-1"
        >
          BLUELOCK
        </div>
        <v-layout-stub
          align-center="align-center"
          tag="div"
          wrap="wrap"
        >
          <v-flex-stub
            class="xs1 mr-1"
            tag="div"
          >
            <v-icon-stub
              color="yellow"
            >
              mdi-emoticon-happy-outline
            </v-icon-stub>
          </v-flex-stub>
          <v-flex-stub
            class="xs10"
            tag="div"
          >
            <span
              class="subtitle-1"
            >
              80%
            </span>
          </v-flex-stub>
        </v-layout-stub>
      </v-card-text-stub>
      <v-card-actions-stub
        tag="div"
      >
        <v-btn-stub
          activeclass=""
          color="teal accent-4"
          tag="button"
          text="true"
          type="button"
        >
          Detail
        </v-btn-stub>
      </v-card-actions-stub>
    </v-card-stub>
    <v-card-stub
      class="mb-4 mr-4"
      loaderheight="4"
      tag="div"
      width="350"
    >
      <v-img-stub
        height="400"
        options="[object Object]"
        position="center center"
        src="https://s4.anilist.co/file/anilistcdn/media/anime/cover/medium/bx158927-53X9gOa02JFG.jpg"
        transition="fade-transition"
      />
      <v-card-text-stub
        tag="div"
      >
        <div
          class="subtitle-1 font-weight-bold mb-1"
        >
          SPY×FAMILY Season 2
        </div>
        <v-layout-stub
          align-center="align-center"
          tag="div"
          wrap="wrap"
        >
          <v-flex-stub
            class="xs1 mr-1"
            tag="div"
          >
            <v-icon-stub
              color="gray"
            >
              mdi-emoticon-neutral-outline
            </v-icon-stub>
          </v-flex-stub>
          <v-flex-stub
            class="xs10"
            tag="div"
          >
            <span
              class="subtitle-1"
            >
              belum ada penilaian
            </span>
          </v-flex-stub>
        </v-layout-stub>
      </v-card-text-stub>
      <v-card-actions-stub
        tag="div"
      >
        <v-btn-stub
          activeclass=""
          color="teal accent-4"
          tag="button"
          text="true"
          type="button"
        >
          Detail
        </v-btn-stub>
      </v-card-actions-stub>
    </v-card-stub>
    <!---->
  </v-layout-stub>
</div>
`;

exports[`Index Page should show genres based on selected genres length: 0 1`] = `
<div
  class="index-anime"
>
  <div
    class="display-2 mb-4"
  >
    Cari Anime
  </div>
  <v-layout-stub
    tag="div"
    wrap="wrap"
  >
    <v-flex-stub
      class="xs4"
      tag="div"
    >
      <v-select-stub
        appendicon="$dropdown"
        backgroundcolor=""
        clearicon="$clear"
        errorcount="1"
        errormessages=""
        itemcolor="primary"
        itemdisabled="disabled"
        items="Action,Adventure,Comedy,Drama,Ecchi,Fantasy,Hentai,Horror,Mahou Shoujo,Mecha,Music,Mystery,Psychological,Romance,Sci-Fi,Slice of Life,Sports,Supernatural,Thriller"
        itemtext="text"
        itemvalue="value"
        label="Pilih genre"
        loaderheight="2"
        menuprops="[object Object]"
        messages=""
        multiple="true"
        nodatatext="$vuetify.noDataText"
        outlined="true"
        rules=""
        successmessages=""
        type="text"
        value=""
        valuecomparator="[Function]"
      />
    </v-flex-stub>
    <v-flex-stub
      class="xs4 ml-2"
      tag="div"
    >
      <v-select-stub
        appendicon="$dropdown"
        backgroundcolor=""
        clearicon="$clear"
        errorcount="1"
        errormessages=""
        itemcolor="primary"
        itemdisabled="disabled"
        items="[object Object]"
        itemtext="text"
        itemvalue="value"
        label="Urut berdasarkan"
        loaderheight="2"
        menuprops="[object Object]"
        messages=""
        nodatatext="$vuetify.noDataText"
        outlined="true"
        rules=""
        successmessages=""
        type="text"
        value="TRENDING_DESC"
        valuecomparator="[Function]"
      />
    </v-flex-stub>
    <v-flex-stub
      class="ml-2"
      tag="div"
    >
      <v-btn-stub
        activeclass=""
        color="teal accent-4"
        tag="button"
        type="button"
        xlarge="true"
      >
        Cari
      </v-btn-stub>
    </v-flex-stub>
  </v-layout-stub>
  <v-layout-stub
    class="scroll_container"
    tag="div"
    wrap="wrap"
  >
    <v-card-stub
      class="mb-4 mr-4"
      loaderheight="4"
      tag="div"
      width="350"
    >
      <v-img-stub
        height="400"
        options="[object Object]"
        position="center center"
        src="https://s4.anilist.co/file/anilistcdn/media/anime/cover/medium/bx127230-FlochcFsyoF4.png"
        transition="fade-transition"
      />
      <v-card-text-stub
        tag="div"
      >
        <div
          class="subtitle-1 font-weight-bold mb-1"
        >
          Chainsaw Man
        </div>
        <v-layout-stub
          align-center="align-center"
          tag="div"
          wrap="wrap"
        >
          <v-flex-stub
            class="xs1 mr-1"
            tag="div"
          >
            <v-icon-stub
              color="green"
            >
              mdi-emoticon-excited-outline
            </v-icon-stub>
          </v-flex-stub>
          <v-flex-stub
            class="xs10"
            tag="div"
          >
            <span
              class="subtitle-1"
            >
              86%
            </span>
          </v-flex-stub>
        </v-layout-stub>
      </v-card-text-stub>
      <v-card-actions-stub
        tag="div"
      >
        <v-btn-stub
          activeclass=""
          color="teal accent-4"
          tag="button"
          text="true"
          type="button"
        >
          Detail
        </v-btn-stub>
      </v-card-actions-stub>
    </v-card-stub>
    <v-card-stub
      class="mb-4 mr-4"
      loaderheight="4"
      tag="div"
      width="350"
    >
      <v-img-stub
        height="400"
        options="[object Object]"
        position="center center"
        src="https://s4.anilist.co/file/anilistcdn/media/anime/cover/medium/bx116674-p3zK4PUX2Aag.jpg"
        transition="fade-transition"
      />
      <v-card-text-stub
        tag="div"
      >
        <div
          class="subtitle-1 font-weight-bold mb-1"
        >
          BLEACH: Thousand-Year Blood War
        </div>
        <v-layout-stub
          align-center="align-center"
          tag="div"
          wrap="wrap"
        >
          <v-flex-stub
            class="xs1 mr-1"
            tag="div"
          >
            <v-icon-stub
              color="green"
            >
              mdi-emoticon-excited-outline
            </v-icon-stub>
          </v-flex-stub>
          <v-flex-stub
            class="xs10"
            tag="div"
          >
            <span
              class="subtitle-1"
            >
              89%
            </span>
          </v-flex-stub>
        </v-layout-stub>
      </v-card-text-stub>
      <v-card-actions-stub
        tag="div"
      >
        <v-btn-stub
          activeclass=""
          color="teal accent-4"
          tag="button"
          text="true"
          type="button"
        >
          Detail
        </v-btn-stub>
      </v-card-actions-stub>
    </v-card-stub>
    <v-card-stub
      class="mb-4 mr-4"
      loaderheight="4"
      tag="div"
      width="350"
    >
      <v-img-stub
        height="400"
        options="[object Object]"
        position="center center"
        src="https://s4.anilist.co/file/anilistcdn/media/anime/cover/medium/nx21-tXMN3Y20PIL9.jpg"
        transition="fade-transition"
      />
      <v-card-text-stub
        tag="div"
      >
        <div
          class="subtitle-1 font-weight-bold mb-1"
        >
          ONE PIECE
        </div>
        <v-layout-stub
          align-center="align-center"
          tag="div"
          wrap="wrap"
        >
          <v-flex-stub
            class="xs1 mr-1"
            tag="div"
          >
            <v-icon-stub
              color="green"
            >
              mdi-emoticon-excited-outline
            </v-icon-stub>
          </v-flex-stub>
          <v-flex-stub
            class="xs10"
            tag="div"
          >
            <span
              class="subtitle-1"
            >
              87%
            </span>
          </v-flex-stub>
        </v-layout-stub>
      </v-card-text-stub>
      <v-card-actions-stub
        tag="div"
      >
        <v-btn-stub
          activeclass=""
          color="teal accent-4"
          tag="button"
          text="true"
          type="button"
        >
          Detail
        </v-btn-stub>
      </v-card-actions-stub>
    </v-card-stub>
    <v-card-stub
      class="mb-4 mr-4"
      loaderheight="4"
      tag="div"
      width="350"
    >
      <v-img-stub
        height="400"
        options="[object Object]"
        position="center center"
        src="https://s4.anilist.co/file/anilistcdn/media/anime/cover/medium/bx142838-ECZSqfknAqAT.jpg"
        transition="fade-transition"
      />
      <v-card-text-stub
        tag="div"
      >
        <div
          class="subtitle-1 font-weight-bold mb-1"
        >
          SPY x FAMILY Cour 2
        </div>
        <v-layout-stub
          align-center="align-center"
          tag="div"
          wrap="wrap"
        >
          <v-flex-stub
            class="xs1 mr-1"
            tag="div"
          >
            <v-icon-stub
              color="green"
            >
              mdi-emoticon-excited-outline
            </v-icon-stub>
          </v-flex-stub>
          <v-flex-stub
            class="xs10"
            tag="div"
          >
            <span
              class="subtitle-1"
            >
              84%
            </span>
          </v-flex-stub>
        </v-layout-stub>
      </v-card-text-stub>
      <v-card-actions-stub
        tag="div"
      >
        <v-btn-stub
          activeclass=""
          color="teal accent-4"
          tag="button"
          text="true"
          type="button"
        >
          Detail
        </v-btn-stub>
      </v-card-actions-stub>
    </v-card-stub>
    <v-card-stub
      class="mb-4 mr-4"
      loaderheight="4"
      tag="div"
      width="350"
    >
      <v-img-stub
        height="400"
        options="[object Object]"
        position="center center"
        src="https://s4.anilist.co/file/anilistcdn/media/anime/cover/medium/bx145604-FQ8gN4CPaiui.jpg"
        transition="fade-transition"
      />
      <v-card-text-stub
        tag="div"
      >
        <div
          class="subtitle-1 font-weight-bold mb-1"
        >
          Shinobi no Ittoki
        </div>
        <v-layout-stub
          align-center="align-center"
          tag="div"
          wrap="wrap"
        >
          <v-flex-stub
            class="xs1 mr-1"
            tag="div"
          >
            <v-icon-stub
              color="lime"
            >
              mdi-emoticon-neutral-outline
            </v-icon-stub>
          </v-flex-stub>
          <v-flex-stub
            class="xs10"
            tag="div"
          >
            <span
              class="subtitle-1"
            >
              59%
            </span>
          </v-flex-stub>
        </v-layout-stub>
      </v-card-text-stub>
      <v-card-actions-stub
        tag="div"
      >
        <v-btn-stub
          activeclass=""
          color="teal accent-4"
          tag="button"
          text="true"
          type="button"
        >
          Detail
        </v-btn-stub>
      </v-card-actions-stub>
    </v-card-stub>
    <v-card-stub
      class="mb-4 mr-4"
      loaderheight="4"
      tag="div"
      width="350"
    >
      <v-img-stub
        height="400"
        options="[object Object]"
        position="center center"
        src="https://s4.anilist.co/file/anilistcdn/media/anime/cover/medium/bx137822-4dVWMSHLpGf8.png"
        transition="fade-transition"
      />
      <v-card-text-stub
        tag="div"
      >
        <div
          class="subtitle-1 font-weight-bold mb-1"
        >
          BLUELOCK
        </div>
        <v-layout-stub
          align-center="align-center"
          tag="div"
          wrap="wrap"
        >
          <v-flex-stub
            class="xs1 mr-1"
            tag="div"
          >
            <v-icon-stub
              color="yellow"
            >
              mdi-emoticon-happy-outline
            </v-icon-stub>
          </v-flex-stub>
          <v-flex-stub
            class="xs10"
            tag="div"
          >
            <span
              class="subtitle-1"
            >
              80%
            </span>
          </v-flex-stub>
        </v-layout-stub>
      </v-card-text-stub>
      <v-card-actions-stub
        tag="div"
      >
        <v-btn-stub
          activeclass=""
          color="teal accent-4"
          tag="button"
          text="true"
          type="button"
        >
          Detail
        </v-btn-stub>
      </v-card-actions-stub>
    </v-card-stub>
    <v-card-stub
      class="mb-4 mr-4"
      loaderheight="4"
      tag="div"
      width="350"
    >
      <v-img-stub
        height="400"
        options="[object Object]"
        position="center center"
        src="https://s4.anilist.co/file/anilistcdn/media/anime/cover/medium/bx158927-53X9gOa02JFG.jpg"
        transition="fade-transition"
      />
      <v-card-text-stub
        tag="div"
      >
        <div
          class="subtitle-1 font-weight-bold mb-1"
        >
          SPY×FAMILY Season 2
        </div>
        <v-layout-stub
          align-center="align-center"
          tag="div"
          wrap="wrap"
        >
          <v-flex-stub
            class="xs1 mr-1"
            tag="div"
          >
            <v-icon-stub
              color="gray"
            >
              mdi-emoticon-neutral-outline
            </v-icon-stub>
          </v-flex-stub>
          <v-flex-stub
            class="xs10"
            tag="div"
          >
            <span
              class="subtitle-1"
            >
              belum ada penilaian
            </span>
          </v-flex-stub>
        </v-layout-stub>
      </v-card-text-stub>
      <v-card-actions-stub
        tag="div"
      >
        <v-btn-stub
          activeclass=""
          color="teal accent-4"
          tag="button"
          text="true"
          type="button"
        >
          Detail
        </v-btn-stub>
      </v-card-actions-stub>
    </v-card-stub>
    <!---->
  </v-layout-stub>
</div>
`;

exports[`Index Page should show genres based on selected genres length: 3 1`] = `
<div
  class="index-anime"
>
  <div
    class="display-2 mb-4"
  >
    Cari Anime
  </div>
  <v-layout-stub
    tag="div"
    wrap="wrap"
  >
    <v-flex-stub
      class="xs4"
      tag="div"
    >
      <v-select-stub
        appendicon="$dropdown"
        backgroundcolor=""
        clearicon="$clear"
        errorcount="1"
        errormessages=""
        itemcolor="primary"
        itemdisabled="disabled"
        items="Action,Adventure,Comedy,Drama,Ecchi,Fantasy,Hentai,Horror,Mahou Shoujo,Mecha,Music,Mystery,Psychological,Romance,Sci-Fi,Slice of Life,Sports,Supernatural,Thriller"
        itemtext="text"
        itemvalue="value"
        label="Pilih genre"
        loaderheight="2"
        menuprops="[object Object]"
        messages=""
        multiple="true"
        nodatatext="$vuetify.noDataText"
        outlined="true"
        rules=""
        successmessages=""
        type="text"
        value="Action,Adventure,Comedy"
        valuecomparator="[Function]"
      />
    </v-flex-stub>
    <v-flex-stub
      class="xs4 ml-2"
      tag="div"
    >
      <v-select-stub
        appendicon="$dropdown"
        backgroundcolor=""
        clearicon="$clear"
        errorcount="1"
        errormessages=""
        itemcolor="primary"
        itemdisabled="disabled"
        items="[object Object]"
        itemtext="text"
        itemvalue="value"
        label="Urut berdasarkan"
        loaderheight="2"
        menuprops="[object Object]"
        messages=""
        nodatatext="$vuetify.noDataText"
        outlined="true"
        rules=""
        successmessages=""
        type="text"
        value="TRENDING_DESC"
        valuecomparator="[Function]"
      />
    </v-flex-stub>
    <v-flex-stub
      class="ml-2"
      tag="div"
    >
      <v-btn-stub
        activeclass=""
        color="teal accent-4"
        tag="button"
        type="button"
        xlarge="true"
      >
        Cari
      </v-btn-stub>
    </v-flex-stub>
  </v-layout-stub>
  <v-layout-stub
    class="scroll_container"
    tag="div"
    wrap="wrap"
  >
    <v-card-stub
      class="mb-4 mr-4"
      loaderheight="4"
      tag="div"
      width="350"
    >
      <v-img-stub
        height="400"
        options="[object Object]"
        position="center center"
        src="https://s4.anilist.co/file/anilistcdn/media/anime/cover/medium/bx127230-FlochcFsyoF4.png"
        transition="fade-transition"
      />
      <v-card-text-stub
        tag="div"
      >
        <div
          class="subtitle-1 font-weight-bold mb-1"
        >
          Chainsaw Man
        </div>
        <v-layout-stub
          align-center="align-center"
          tag="div"
          wrap="wrap"
        >
          <v-flex-stub
            class="xs1 mr-1"
            tag="div"
          >
            <v-icon-stub
              color="green"
            >
              mdi-emoticon-excited-outline
            </v-icon-stub>
          </v-flex-stub>
          <v-flex-stub
            class="xs10"
            tag="div"
          >
            <span
              class="subtitle-1"
            >
              86%
            </span>
          </v-flex-stub>
        </v-layout-stub>
      </v-card-text-stub>
      <v-card-actions-stub
        tag="div"
      >
        <v-btn-stub
          activeclass=""
          color="teal accent-4"
          tag="button"
          text="true"
          type="button"
        >
          Detail
        </v-btn-stub>
      </v-card-actions-stub>
    </v-card-stub>
    <v-card-stub
      class="mb-4 mr-4"
      loaderheight="4"
      tag="div"
      width="350"
    >
      <v-img-stub
        height="400"
        options="[object Object]"
        position="center center"
        src="https://s4.anilist.co/file/anilistcdn/media/anime/cover/medium/bx116674-p3zK4PUX2Aag.jpg"
        transition="fade-transition"
      />
      <v-card-text-stub
        tag="div"
      >
        <div
          class="subtitle-1 font-weight-bold mb-1"
        >
          BLEACH: Thousand-Year Blood War
        </div>
        <v-layout-stub
          align-center="align-center"
          tag="div"
          wrap="wrap"
        >
          <v-flex-stub
            class="xs1 mr-1"
            tag="div"
          >
            <v-icon-stub
              color="green"
            >
              mdi-emoticon-excited-outline
            </v-icon-stub>
          </v-flex-stub>
          <v-flex-stub
            class="xs10"
            tag="div"
          >
            <span
              class="subtitle-1"
            >
              89%
            </span>
          </v-flex-stub>
        </v-layout-stub>
      </v-card-text-stub>
      <v-card-actions-stub
        tag="div"
      >
        <v-btn-stub
          activeclass=""
          color="teal accent-4"
          tag="button"
          text="true"
          type="button"
        >
          Detail
        </v-btn-stub>
      </v-card-actions-stub>
    </v-card-stub>
    <v-card-stub
      class="mb-4 mr-4"
      loaderheight="4"
      tag="div"
      width="350"
    >
      <v-img-stub
        height="400"
        options="[object Object]"
        position="center center"
        src="https://s4.anilist.co/file/anilistcdn/media/anime/cover/medium/nx21-tXMN3Y20PIL9.jpg"
        transition="fade-transition"
      />
      <v-card-text-stub
        tag="div"
      >
        <div
          class="subtitle-1 font-weight-bold mb-1"
        >
          ONE PIECE
        </div>
        <v-layout-stub
          align-center="align-center"
          tag="div"
          wrap="wrap"
        >
          <v-flex-stub
            class="xs1 mr-1"
            tag="div"
          >
            <v-icon-stub
              color="green"
            >
              mdi-emoticon-excited-outline
            </v-icon-stub>
          </v-flex-stub>
          <v-flex-stub
            class="xs10"
            tag="div"
          >
            <span
              class="subtitle-1"
            >
              87%
            </span>
          </v-flex-stub>
        </v-layout-stub>
      </v-card-text-stub>
      <v-card-actions-stub
        tag="div"
      >
        <v-btn-stub
          activeclass=""
          color="teal accent-4"
          tag="button"
          text="true"
          type="button"
        >
          Detail
        </v-btn-stub>
      </v-card-actions-stub>
    </v-card-stub>
    <v-card-stub
      class="mb-4 mr-4"
      loaderheight="4"
      tag="div"
      width="350"
    >
      <v-img-stub
        height="400"
        options="[object Object]"
        position="center center"
        src="https://s4.anilist.co/file/anilistcdn/media/anime/cover/medium/bx142838-ECZSqfknAqAT.jpg"
        transition="fade-transition"
      />
      <v-card-text-stub
        tag="div"
      >
        <div
          class="subtitle-1 font-weight-bold mb-1"
        >
          SPY x FAMILY Cour 2
        </div>
        <v-layout-stub
          align-center="align-center"
          tag="div"
          wrap="wrap"
        >
          <v-flex-stub
            class="xs1 mr-1"
            tag="div"
          >
            <v-icon-stub
              color="green"
            >
              mdi-emoticon-excited-outline
            </v-icon-stub>
          </v-flex-stub>
          <v-flex-stub
            class="xs10"
            tag="div"
          >
            <span
              class="subtitle-1"
            >
              84%
            </span>
          </v-flex-stub>
        </v-layout-stub>
      </v-card-text-stub>
      <v-card-actions-stub
        tag="div"
      >
        <v-btn-stub
          activeclass=""
          color="teal accent-4"
          tag="button"
          text="true"
          type="button"
        >
          Detail
        </v-btn-stub>
      </v-card-actions-stub>
    </v-card-stub>
    <v-card-stub
      class="mb-4 mr-4"
      loaderheight="4"
      tag="div"
      width="350"
    >
      <v-img-stub
        height="400"
        options="[object Object]"
        position="center center"
        src="https://s4.anilist.co/file/anilistcdn/media/anime/cover/medium/bx145604-FQ8gN4CPaiui.jpg"
        transition="fade-transition"
      />
      <v-card-text-stub
        tag="div"
      >
        <div
          class="subtitle-1 font-weight-bold mb-1"
        >
          Shinobi no Ittoki
        </div>
        <v-layout-stub
          align-center="align-center"
          tag="div"
          wrap="wrap"
        >
          <v-flex-stub
            class="xs1 mr-1"
            tag="div"
          >
            <v-icon-stub
              color="lime"
            >
              mdi-emoticon-neutral-outline
            </v-icon-stub>
          </v-flex-stub>
          <v-flex-stub
            class="xs10"
            tag="div"
          >
            <span
              class="subtitle-1"
            >
              59%
            </span>
          </v-flex-stub>
        </v-layout-stub>
      </v-card-text-stub>
      <v-card-actions-stub
        tag="div"
      >
        <v-btn-stub
          activeclass=""
          color="teal accent-4"
          tag="button"
          text="true"
          type="button"
        >
          Detail
        </v-btn-stub>
      </v-card-actions-stub>
    </v-card-stub>
    <v-card-stub
      class="mb-4 mr-4"
      loaderheight="4"
      tag="div"
      width="350"
    >
      <v-img-stub
        height="400"
        options="[object Object]"
        position="center center"
        src="https://s4.anilist.co/file/anilistcdn/media/anime/cover/medium/bx137822-4dVWMSHLpGf8.png"
        transition="fade-transition"
      />
      <v-card-text-stub
        tag="div"
      >
        <div
          class="subtitle-1 font-weight-bold mb-1"
        >
          BLUELOCK
        </div>
        <v-layout-stub
          align-center="align-center"
          tag="div"
          wrap="wrap"
        >
          <v-flex-stub
            class="xs1 mr-1"
            tag="div"
          >
            <v-icon-stub
              color="yellow"
            >
              mdi-emoticon-happy-outline
            </v-icon-stub>
          </v-flex-stub>
          <v-flex-stub
            class="xs10"
            tag="div"
          >
            <span
              class="subtitle-1"
            >
              80%
            </span>
          </v-flex-stub>
        </v-layout-stub>
      </v-card-text-stub>
      <v-card-actions-stub
        tag="div"
      >
        <v-btn-stub
          activeclass=""
          color="teal accent-4"
          tag="button"
          text="true"
          type="button"
        >
          Detail
        </v-btn-stub>
      </v-card-actions-stub>
    </v-card-stub>
    <v-card-stub
      class="mb-4 mr-4"
      loaderheight="4"
      tag="div"
      width="350"
    >
      <v-img-stub
        height="400"
        options="[object Object]"
        position="center center"
        src="https://s4.anilist.co/file/anilistcdn/media/anime/cover/medium/bx158927-53X9gOa02JFG.jpg"
        transition="fade-transition"
      />
      <v-card-text-stub
        tag="div"
      >
        <div
          class="subtitle-1 font-weight-bold mb-1"
        >
          SPY×FAMILY Season 2
        </div>
        <v-layout-stub
          align-center="align-center"
          tag="div"
          wrap="wrap"
        >
          <v-flex-stub
            class="xs1 mr-1"
            tag="div"
          >
            <v-icon-stub
              color="gray"
            >
              mdi-emoticon-neutral-outline
            </v-icon-stub>
          </v-flex-stub>
          <v-flex-stub
            class="xs10"
            tag="div"
          >
            <span
              class="subtitle-1"
            >
              belum ada penilaian
            </span>
          </v-flex-stub>
        </v-layout-stub>
      </v-card-text-stub>
      <v-card-actions-stub
        tag="div"
      >
        <v-btn-stub
          activeclass=""
          color="teal accent-4"
          tag="button"
          text="true"
          type="button"
        >
          Detail
        </v-btn-stub>
      </v-card-actions-stub>
    </v-card-stub>
    <!---->
  </v-layout-stub>
</div>
`;

exports[`Index Page should show genres based on selected genres length: 4 1`] = `
<div
  class="index-anime"
>
  <div
    class="display-2 mb-4"
  >
    Cari Anime
  </div>
  <v-layout-stub
    tag="div"
    wrap="wrap"
  >
    <v-flex-stub
      class="xs4"
      tag="div"
    >
      <v-select-stub
        appendicon="$dropdown"
        backgroundcolor=""
        clearicon="$clear"
        errorcount="1"
        errormessages=""
        itemcolor="primary"
        itemdisabled="disabled"
        items="Action,Adventure,Comedy,Drama,Ecchi,Fantasy,Hentai,Horror,Mahou Shoujo,Mecha,Music,Mystery,Psychological,Romance,Sci-Fi,Slice of Life,Sports,Supernatural,Thriller"
        itemtext="text"
        itemvalue="value"
        label="Pilih genre"
        loaderheight="2"
        menuprops="[object Object]"
        messages=""
        multiple="true"
        nodatatext="$vuetify.noDataText"
        outlined="true"
        rules=""
        successmessages=""
        type="text"
        value="Action,Adventure,Comedy,Drama"
        valuecomparator="[Function]"
      />
    </v-flex-stub>
    <v-flex-stub
      class="xs4 ml-2"
      tag="div"
    >
      <v-select-stub
        appendicon="$dropdown"
        backgroundcolor=""
        clearicon="$clear"
        errorcount="1"
        errormessages=""
        itemcolor="primary"
        itemdisabled="disabled"
        items="[object Object]"
        itemtext="text"
        itemvalue="value"
        label="Urut berdasarkan"
        loaderheight="2"
        menuprops="[object Object]"
        messages=""
        nodatatext="$vuetify.noDataText"
        outlined="true"
        rules=""
        successmessages=""
        type="text"
        value="TRENDING_DESC"
        valuecomparator="[Function]"
      />
    </v-flex-stub>
    <v-flex-stub
      class="ml-2"
      tag="div"
    >
      <v-btn-stub
        activeclass=""
        color="teal accent-4"
        tag="button"
        type="button"
        xlarge="true"
      >
        Cari
      </v-btn-stub>
    </v-flex-stub>
  </v-layout-stub>
  <v-layout-stub
    class="scroll_container"
    tag="div"
    wrap="wrap"
  >
    <v-card-stub
      class="mb-4 mr-4"
      loaderheight="4"
      tag="div"
      width="350"
    >
      <v-img-stub
        height="400"
        options="[object Object]"
        position="center center"
        src="https://s4.anilist.co/file/anilistcdn/media/anime/cover/medium/bx127230-FlochcFsyoF4.png"
        transition="fade-transition"
      />
      <v-card-text-stub
        tag="div"
      >
        <div
          class="subtitle-1 font-weight-bold mb-1"
        >
          Chainsaw Man
        </div>
        <v-layout-stub
          align-center="align-center"
          tag="div"
          wrap="wrap"
        >
          <v-flex-stub
            class="xs1 mr-1"
            tag="div"
          >
            <v-icon-stub
              color="green"
            >
              mdi-emoticon-excited-outline
            </v-icon-stub>
          </v-flex-stub>
          <v-flex-stub
            class="xs10"
            tag="div"
          >
            <span
              class="subtitle-1"
            >
              86%
            </span>
          </v-flex-stub>
        </v-layout-stub>
      </v-card-text-stub>
      <v-card-actions-stub
        tag="div"
      >
        <v-btn-stub
          activeclass=""
          color="teal accent-4"
          tag="button"
          text="true"
          type="button"
        >
          Detail
        </v-btn-stub>
      </v-card-actions-stub>
    </v-card-stub>
    <v-card-stub
      class="mb-4 mr-4"
      loaderheight="4"
      tag="div"
      width="350"
    >
      <v-img-stub
        height="400"
        options="[object Object]"
        position="center center"
        src="https://s4.anilist.co/file/anilistcdn/media/anime/cover/medium/bx116674-p3zK4PUX2Aag.jpg"
        transition="fade-transition"
      />
      <v-card-text-stub
        tag="div"
      >
        <div
          class="subtitle-1 font-weight-bold mb-1"
        >
          BLEACH: Thousand-Year Blood War
        </div>
        <v-layout-stub
          align-center="align-center"
          tag="div"
          wrap="wrap"
        >
          <v-flex-stub
            class="xs1 mr-1"
            tag="div"
          >
            <v-icon-stub
              color="green"
            >
              mdi-emoticon-excited-outline
            </v-icon-stub>
          </v-flex-stub>
          <v-flex-stub
            class="xs10"
            tag="div"
          >
            <span
              class="subtitle-1"
            >
              89%
            </span>
          </v-flex-stub>
        </v-layout-stub>
      </v-card-text-stub>
      <v-card-actions-stub
        tag="div"
      >
        <v-btn-stub
          activeclass=""
          color="teal accent-4"
          tag="button"
          text="true"
          type="button"
        >
          Detail
        </v-btn-stub>
      </v-card-actions-stub>
    </v-card-stub>
    <v-card-stub
      class="mb-4 mr-4"
      loaderheight="4"
      tag="div"
      width="350"
    >
      <v-img-stub
        height="400"
        options="[object Object]"
        position="center center"
        src="https://s4.anilist.co/file/anilistcdn/media/anime/cover/medium/nx21-tXMN3Y20PIL9.jpg"
        transition="fade-transition"
      />
      <v-card-text-stub
        tag="div"
      >
        <div
          class="subtitle-1 font-weight-bold mb-1"
        >
          ONE PIECE
        </div>
        <v-layout-stub
          align-center="align-center"
          tag="div"
          wrap="wrap"
        >
          <v-flex-stub
            class="xs1 mr-1"
            tag="div"
          >
            <v-icon-stub
              color="green"
            >
              mdi-emoticon-excited-outline
            </v-icon-stub>
          </v-flex-stub>
          <v-flex-stub
            class="xs10"
            tag="div"
          >
            <span
              class="subtitle-1"
            >
              87%
            </span>
          </v-flex-stub>
        </v-layout-stub>
      </v-card-text-stub>
      <v-card-actions-stub
        tag="div"
      >
        <v-btn-stub
          activeclass=""
          color="teal accent-4"
          tag="button"
          text="true"
          type="button"
        >
          Detail
        </v-btn-stub>
      </v-card-actions-stub>
    </v-card-stub>
    <v-card-stub
      class="mb-4 mr-4"
      loaderheight="4"
      tag="div"
      width="350"
    >
      <v-img-stub
        height="400"
        options="[object Object]"
        position="center center"
        src="https://s4.anilist.co/file/anilistcdn/media/anime/cover/medium/bx142838-ECZSqfknAqAT.jpg"
        transition="fade-transition"
      />
      <v-card-text-stub
        tag="div"
      >
        <div
          class="subtitle-1 font-weight-bold mb-1"
        >
          SPY x FAMILY Cour 2
        </div>
        <v-layout-stub
          align-center="align-center"
          tag="div"
          wrap="wrap"
        >
          <v-flex-stub
            class="xs1 mr-1"
            tag="div"
          >
            <v-icon-stub
              color="green"
            >
              mdi-emoticon-excited-outline
            </v-icon-stub>
          </v-flex-stub>
          <v-flex-stub
            class="xs10"
            tag="div"
          >
            <span
              class="subtitle-1"
            >
              84%
            </span>
          </v-flex-stub>
        </v-layout-stub>
      </v-card-text-stub>
      <v-card-actions-stub
        tag="div"
      >
        <v-btn-stub
          activeclass=""
          color="teal accent-4"
          tag="button"
          text="true"
          type="button"
        >
          Detail
        </v-btn-stub>
      </v-card-actions-stub>
    </v-card-stub>
    <v-card-stub
      class="mb-4 mr-4"
      loaderheight="4"
      tag="div"
      width="350"
    >
      <v-img-stub
        height="400"
        options="[object Object]"
        position="center center"
        src="https://s4.anilist.co/file/anilistcdn/media/anime/cover/medium/bx145604-FQ8gN4CPaiui.jpg"
        transition="fade-transition"
      />
      <v-card-text-stub
        tag="div"
      >
        <div
          class="subtitle-1 font-weight-bold mb-1"
        >
          Shinobi no Ittoki
        </div>
        <v-layout-stub
          align-center="align-center"
          tag="div"
          wrap="wrap"
        >
          <v-flex-stub
            class="xs1 mr-1"
            tag="div"
          >
            <v-icon-stub
              color="lime"
            >
              mdi-emoticon-neutral-outline
            </v-icon-stub>
          </v-flex-stub>
          <v-flex-stub
            class="xs10"
            tag="div"
          >
            <span
              class="subtitle-1"
            >
              59%
            </span>
          </v-flex-stub>
        </v-layout-stub>
      </v-card-text-stub>
      <v-card-actions-stub
        tag="div"
      >
        <v-btn-stub
          activeclass=""
          color="teal accent-4"
          tag="button"
          text="true"
          type="button"
        >
          Detail
        </v-btn-stub>
      </v-card-actions-stub>
    </v-card-stub>
    <v-card-stub
      class="mb-4 mr-4"
      loaderheight="4"
      tag="div"
      width="350"
    >
      <v-img-stub
        height="400"
        options="[object Object]"
        position="center center"
        src="https://s4.anilist.co/file/anilistcdn/media/anime/cover/medium/bx137822-4dVWMSHLpGf8.png"
        transition="fade-transition"
      />
      <v-card-text-stub
        tag="div"
      >
        <div
          class="subtitle-1 font-weight-bold mb-1"
        >
          BLUELOCK
        </div>
        <v-layout-stub
          align-center="align-center"
          tag="div"
          wrap="wrap"
        >
          <v-flex-stub
            class="xs1 mr-1"
            tag="div"
          >
            <v-icon-stub
              color="yellow"
            >
              mdi-emoticon-happy-outline
            </v-icon-stub>
          </v-flex-stub>
          <v-flex-stub
            class="xs10"
            tag="div"
          >
            <span
              class="subtitle-1"
            >
              80%
            </span>
          </v-flex-stub>
        </v-layout-stub>
      </v-card-text-stub>
      <v-card-actions-stub
        tag="div"
      >
        <v-btn-stub
          activeclass=""
          color="teal accent-4"
          tag="button"
          text="true"
          type="button"
        >
          Detail
        </v-btn-stub>
      </v-card-actions-stub>
    </v-card-stub>
    <v-card-stub
      class="mb-4 mr-4"
      loaderheight="4"
      tag="div"
      width="350"
    >
      <v-img-stub
        height="400"
        options="[object Object]"
        position="center center"
        src="https://s4.anilist.co/file/anilistcdn/media/anime/cover/medium/bx158927-53X9gOa02JFG.jpg"
        transition="fade-transition"
      />
      <v-card-text-stub
        tag="div"
      >
        <div
          class="subtitle-1 font-weight-bold mb-1"
        >
          SPY×FAMILY Season 2
        </div>
        <v-layout-stub
          align-center="align-center"
          tag="div"
          wrap="wrap"
        >
          <v-flex-stub
            class="xs1 mr-1"
            tag="div"
          >
            <v-icon-stub
              color="gray"
            >
              mdi-emoticon-neutral-outline
            </v-icon-stub>
          </v-flex-stub>
          <v-flex-stub
            class="xs10"
            tag="div"
          >
            <span
              class="subtitle-1"
            >
              belum ada penilaian
            </span>
          </v-flex-stub>
        </v-layout-stub>
      </v-card-text-stub>
      <v-card-actions-stub
        tag="div"
      >
        <v-btn-stub
          activeclass=""
          color="teal accent-4"
          tag="button"
          text="true"
          type="button"
        >
          Detail
        </v-btn-stub>
      </v-card-actions-stub>
    </v-card-stub>
    <!---->
  </v-layout-stub>
</div>
`;
