// Jest Snapshot v1, https://goo.gl/fbAQLP

exports[`Anime Index Page should anime Index page match snapshot 1`] = `
<v-tooltip-stub
  closedelay="0"
  contentclass=""
  maxwidth="auto"
  nudgebottom="0"
  nudgeleft="0"
  nudgeright="0"
  nudgetop="0"
  nudgewidth="0"
  opendelay="0"
  openonclick="true"
  openonfocus="true"
  openonhover="true"
  tag="span"
  top="true"
>
  <span>
    See Anime's Detail
  </span>
</v-tooltip-stub>
`;

exports[`Anime Index Page should anime Index page match snapshot by default anime props 1`] = `
<v-tooltip-stub
  closedelay="0"
  contentclass=""
  maxwidth="auto"
  nudgebottom="0"
  nudgeleft="0"
  nudgeright="0"
  nudgetop="0"
  nudgewidth="0"
  opendelay="0"
  openonclick="true"
  openonfocus="true"
  openonhover="true"
  tag="span"
  top="true"
>
  <span>
    See Anime's Detail
  </span>
</v-tooltip-stub>
`;
