// Jest Snapshot v1, https://goo.gl/fbAQLP

exports[`Layout Default should layout page match snapshot when page is / 1`] = `
<v-app-stub
  id="app"
>
  <v-main-stub
    tag="main"
  >
    <v-app-bar-stub
      color="indigo lighten-4"
      extensionheight="48"
      src=""
      tag="header"
      value="true"
    >
      <v-toolbar-title-stub
        class="toolbar-title"
        tag="div"
      >
        Anime List
      </v-toolbar-title-stub>
      <v-spacer-stub
        tag="div"
      />
      <v-btn-stub
        activeclass=""
        tag="button"
        type="button"
      >
        Login with Anilist
      </v-btn-stub>
    </v-app-bar-stub>
    <nuxt-stub
      class="mt-8 ml-8"
    />
  </v-main-stub>
</v-app-stub>
`;

exports[`Layout Default should layout page match snapshot when page is /authorize 1`] = `
<v-app-stub
  id="app"
>
  <v-main-stub
    tag="main"
  >
    <v-app-bar-stub
      color="indigo lighten-4"
      extensionheight="48"
      src=""
      tag="header"
      value="true"
    >
      <v-toolbar-title-stub
        class="toolbar-title"
        tag="div"
      >
        Anime List
      </v-toolbar-title-stub>
      <v-spacer-stub
        tag="div"
      />
      <v-btn-stub
        activeclass=""
        tag="button"
        type="button"
      >
        Login with Anilist
      </v-btn-stub>
    </v-app-bar-stub>
    <nuxt-stub
      class="mt-8 ml-8"
    />
  </v-main-stub>
</v-app-stub>
`;
